// Jest Snapshot v1, https://goo.gl/fbAQLP

exports[`Test to Validate PageNotFound 1`] = `
<div>
  404 -
  <Link
    to="/"
  >
    Go Home
  </Link>
</div>
`;
